
     Program PWSCF v.5.2.0 starts on 28Sep2015 at  2:11:52 

     This program is part of the open-source Quantum ESPRESSO suite
     for quantum simulation of materials; please cite
         "P. Giannozzi et al., J. Phys.:Condens. Matter 21 395502 (2009);
          URL http://www.quantum-espresso.org", 
     in publications or presentations arising from this work. More details at
     http://www.quantum-espresso.org/quote

     Parallel version (MPI), running on     2 processors
     R & G space division:  proc/nbgrp/npool/nimage =       2
     Reading input from /home/yu/workspace/espresso/espresso-5.2.0/PW/tests/atom-lsda.in

     Current dimensions of program PWSCF are:
     Max number of different atomic species (ntypx) = 10
     Max number of k-points (npk) =  40000
     Max angular momentum in pseudopotentials (lmaxx) =  3
               file O.pz-rrkjus.UPF: wavefunction(s)  2S renormalized

     gamma-point specific algorithms are used

     Subspace diagonalization in iterative solution of the eigenvalue problem:
     a serial algorithm will be used

 
     Parallelization info
     --------------------
     sticks:   dense  smooth     PW     G-vecs:    dense   smooth      PW
     Min         798     396     95                23914     8428    1049
     Max         799     397     98                23919     8451    1054
     Sum        1597     793    193                47833    16879    2103
     Tot         799     397     97
 
     Generating pointlists ...
     new r_m :   0.4125 (alat units)  4.1250 (a.u.) for type    1


     bravais-lattice index     =            1
     lattice parameter (alat)  =      10.0000  a.u.
     unit-cell volume          =    1000.0000 (a.u.)^3
     number of atoms/cell      =            1
     number of atomic types    =            1
     number of electrons       =         6.00
     number of Kohn-Sham states=            6
     kinetic-energy cutoff     =      25.0000  Ry
     charge density cutoff     =     200.0000  Ry
     convergence threshold     =      1.0E-06
     mixing beta               =       0.2500
     number of iterations used =            8  plain     mixing
     Exchange-correlation      =  SLA  PZ   NOGX NOGC ( 1  1  0  0 0 0)

     celldm(1)=  10.000000  celldm(2)=   0.000000  celldm(3)=   0.000000
     celldm(4)=   0.000000  celldm(5)=   0.000000  celldm(6)=   0.000000

     crystal axes: (cart. coord. in units of alat)
               a(1) = (   1.000000   0.000000   0.000000 )  
               a(2) = (   0.000000   1.000000   0.000000 )  
               a(3) = (   0.000000   0.000000   1.000000 )  

     reciprocal axes: (cart. coord. in units 2 pi/alat)
               b(1) = (  1.000000  0.000000  0.000000 )  
               b(2) = (  0.000000  1.000000  0.000000 )  
               b(3) = (  0.000000  0.000000  1.000000 )  


     PseudoPot. # 1 for O  read from file:
     /home/yu/workspace/espresso/espresso-5.2.0/pseudo/O.pz-rrkjus.UPF
     MD5 check sum: 24fb942a68ef5d262e498166c462ef4a
     Pseudo is Ultrasoft, Zval =  6.0
     Generated by new atomic code, or converted to UPF format
     Using radial grid of 1269 points,  4 beta functions with: 
                l(1) =   0
                l(2) =   0
                l(3) =   1
                l(4) =   1
     Q(r) pseudized with 0 coefficients 


     atomic species   valence    mass     pseudopotential
        O              6.00    15.99994     O ( 1.00)

     Starting magnetic structure 
     atomic species   magnetization
        O            0.000

     48 Sym. Ops., with inversion, found



   Cartesian axes

     site n.     atom                  positions (alat units)
         1           O   tau(   1) = (   0.0000000   0.0000000   0.0000000  )

     number of k points=     2
                       cart. coord. in units 2pi/alat
        k(    1) = (   0.0000000   0.0000000   0.0000000), wk =   1.0000000
        k(    2) = (   0.0000000   0.0000000   0.0000000), wk =   1.0000000

     Dense  grid:    23917 G-vectors     FFT dimensions: (  45,  45,  45)

     Smooth grid:     8440 G-vectors     FFT dimensions: (  32,  32,  32)

     Occupations read from input 

      Spin-up

        1.0000   1.0000   1.0000   1.0000   0.0000   0.0000

      Spin-down

        1.0000   0.3333   0.3333   0.3333   0.0000   0.0000

     Largest allocated arrays     est. size (Mb)     dimensions
        Kohn-Sham Wavefunctions         0.05 Mb     (     525,    6)
        NL pseudopotentials             0.06 Mb     (     525,    8)
        Each V/rho on FFT grid          1.42 Mb     (   46575,   2)
        Each G-vector array             0.09 Mb     (   11960)
        G-vector shells                 0.00 Mb     (     421)
     Largest temporary arrays     est. size (Mb)     dimensions
        Auxiliary wavefunctions         0.10 Mb     (     525,   24)
        Each subspace H/S matrix        0.00 Mb     (      24,   24)
        Each <psi_i|beta_j> matrix      0.00 Mb     (       8,    6)
        Arrays for rho mixing           5.69 Mb     (   46575,    8)

     Initial potential from superposition of free atoms

     starting charge    6.00000, renormalised to    6.00000

     negative rho (up, down):  5.210E-06 5.210E-06
     Starting wfc are    4 randomized atomic wfcs +    2 random wfc

     total cpu time spent up to now is        0.3 secs

     per-process dynamical memory:    27.5 Mb

     Self-consistent Calculation

     iteration #  1     ecut=    25.00 Ry     beta=0.25
     Davidson diagonalization with overlap
     ethr =  1.00E-02,  avg # of iterations =  6.0

     negative rho (up, down):  5.096E-06 3.582E-06
 
     Magnetic moment per site:
     atom:    1    charge:    5.9902    magn:    0.4991    constr:    0.0000

     total cpu time spent up to now is        0.4 secs

     total energy              =     -31.33921505 Ry
     Harris-Foulkes estimate   =     -31.29443480 Ry
     estimated scf accuracy    <       0.07323533 Ry

     total magnetization       =     2.00 Bohr mag/cell
     absolute magnetization    =     2.00 Bohr mag/cell

     iteration #  2     ecut=    25.00 Ry     beta=0.25
     Davidson diagonalization with overlap
     ethr =  1.22E-03,  avg # of iterations =  1.0

     negative rho (up, down):  5.366E-03 8.206E-03
 
     Magnetic moment per site:
     atom:    1    charge:    5.9927    magn:    2.0840    constr:    0.0000

     total cpu time spent up to now is        0.4 secs

     total energy              =     -31.39999914 Ry
     Harris-Foulkes estimate   =     -31.33960527 Ry
     estimated scf accuracy    <       0.04369203 Ry

     total magnetization       =     2.00 Bohr mag/cell
     absolute magnetization    =     2.00 Bohr mag/cell

     iteration #  3     ecut=    25.00 Ry     beta=0.25
     Davidson diagonalization with overlap
     ethr =  7.28E-04,  avg # of iterations =  1.5

     negative rho (up, down):  4.068E-03 5.847E-03
 
     Magnetic moment per site:
     atom:    1    charge:    5.9927    magn:    2.0839    constr:    0.0000

     total cpu time spent up to now is        0.5 secs

     total energy              =     -31.40417396 Ry
     Harris-Foulkes estimate   =     -31.40393954 Ry
     estimated scf accuracy    <       0.00031897 Ry

     total magnetization       =     2.00 Bohr mag/cell
     absolute magnetization    =     2.00 Bohr mag/cell

     iteration #  4     ecut=    25.00 Ry     beta=0.25
     Davidson diagonalization with overlap
     ethr =  5.32E-06,  avg # of iterations =  6.0

     negative rho (up, down):  3.150E-03 3.857E-03
 
     Magnetic moment per site:
     atom:    1    charge:    5.9926    magn:    2.0314    constr:    0.0000

     total cpu time spent up to now is        0.6 secs

     total energy              =     -31.40453953 Ry
     Harris-Foulkes estimate   =     -31.40428813 Ry
     estimated scf accuracy    <       0.00005554 Ry

     total magnetization       =     2.00 Bohr mag/cell
     absolute magnetization    =     2.00 Bohr mag/cell

     iteration #  5     ecut=    25.00 Ry     beta=0.25
     Davidson diagonalization with overlap
     ethr =  9.26E-07,  avg # of iterations =  1.5

     negative rho (up, down):  2.270E-03 2.501E-03
 
     Magnetic moment per site:
     atom:    1    charge:    5.9925    magn:    1.9980    constr:    0.0000

     total cpu time spent up to now is        0.7 secs

     total energy              =     -31.40462035 Ry
     Harris-Foulkes estimate   =     -31.40455656 Ry
     estimated scf accuracy    <       0.00001127 Ry

     total magnetization       =     2.00 Bohr mag/cell
     absolute magnetization    =     2.00 Bohr mag/cell

     iteration #  6     ecut=    25.00 Ry     beta=0.25
     Davidson diagonalization with overlap
     ethr =  1.88E-07,  avg # of iterations =  2.0

     negative rho (up, down):  1.523E-03 1.696E-03
 
     Magnetic moment per site:
     atom:    1    charge:    5.9925    magn:    1.9982    constr:    0.0000

     total cpu time spent up to now is        0.7 secs

     total energy              =     -31.40464522 Ry
     Harris-Foulkes estimate   =     -31.40462258 Ry
     estimated scf accuracy    <       0.00000268 Ry

     total magnetization       =     2.00 Bohr mag/cell
     absolute magnetization    =     2.00 Bohr mag/cell

     iteration #  7     ecut=    25.00 Ry     beta=0.25
     Davidson diagonalization with overlap
     ethr =  4.47E-08,  avg # of iterations =  2.0

     negative rho (up, down):  1.464E-05 2.310E-07
 
     Magnetic moment per site:
     atom:    1    charge:    5.9925    magn:    1.9992    constr:    0.0000

     total cpu time spent up to now is        0.8 secs

     End of self-consistent calculation

 ------ SPIN UP ------------


          k = 0.0000 0.0000 0.0000 (  1052 PWs)   bands (ev):

   -24.3302  -9.6415  -9.6415  -9.6415  -0.4596   4.4806

 ------ SPIN DOWN ----------


          k = 0.0000 0.0000 0.0000 (  1052 PWs)   bands (ev):

   -21.1110  -6.6319  -6.6319  -6.6319  -0.3150   4.5501

     highest occupied, lowest unoccupied level (ev):    -6.6319   -0.4596

!    total energy              =     -31.40468353 Ry
     Harris-Foulkes estimate   =     -31.40464562 Ry
     estimated scf accuracy    <       0.00000006 Ry

     The total energy is the sum of the following terms:

     one-electron contribution =     -32.01416164 Ry
     hartree contribution      =      17.23514293 Ry
     xc contribution           =      -6.41139382 Ry
     ewald contribution        =     -10.21427100 Ry

     total magnetization       =     2.00 Bohr mag/cell
     absolute magnetization    =     2.00 Bohr mag/cell

     convergence has been achieved in   7 iterations

     Writing output data file pwscf.save
 
     init_run     :      0.24s CPU      0.24s WALL (       1 calls)
     electrons    :      0.49s CPU      0.49s WALL (       1 calls)

     Called by init_run:
     wfcinit      :      0.00s CPU      0.00s WALL (       1 calls)
     potinit      :      0.04s CPU      0.04s WALL (       1 calls)

     Called by electrons:
     c_bands      :      0.06s CPU      0.06s WALL (       7 calls)
     sum_band     :      0.15s CPU      0.15s WALL (       7 calls)
     v_of_rho     :      0.18s CPU      0.18s WALL (       8 calls)
     newd         :      0.06s CPU      0.06s WALL (       8 calls)
     mix_rho      :      0.03s CPU      0.04s WALL (       7 calls)

     Called by c_bands:
     init_us_2    :      0.01s CPU      0.00s WALL (      30 calls)
     regterg      :      0.06s CPU      0.06s WALL (      14 calls)

     Called by sum_band:
     sum_band:bec :      0.00s CPU      0.00s WALL (      14 calls)
     addusdens    :      0.08s CPU      0.08s WALL (       7 calls)

     Called by *egterg:
     h_psi        :      0.03s CPU      0.05s WALL (      56 calls)
     s_psi        :      0.00s CPU      0.00s WALL (      56 calls)
     g_psi        :      0.00s CPU      0.00s WALL (      40 calls)
     rdiaghg      :      0.02s CPU      0.01s WALL (      54 calls)

     Called by h_psi:
     add_vuspsi   :      0.00s CPU      0.00s WALL (      56 calls)

     General routines
     calbec       :      0.00s CPU      0.00s WALL (      70 calls)
     fft          :      0.14s CPU      0.16s WALL (     125 calls)
     ffts         :      0.01s CPU      0.01s WALL (      30 calls)
     fftw         :      0.02s CPU      0.05s WALL (     294 calls)
     interpolate  :      0.05s CPU      0.05s WALL (      30 calls)
     davcio       :      0.00s CPU      0.00s WALL (       2 calls)
 
     Parallel routines
     fft_scatter  :      0.05s CPU      0.04s WALL (     449 calls)
 
     PWSCF        :     0.82s CPU         0.85s WALL

 
   This run was terminated on:   2:11:53  28Sep2015            

=------------------------------------------------------------------------------=
   JOB DONE.
=------------------------------------------------------------------------------=
