
     Program PWSCF v.5.2.0 starts on 28Sep2015 at  2:10:33 

     This program is part of the open-source Quantum ESPRESSO suite
     for quantum simulation of materials; please cite
         "P. Giannozzi et al., J. Phys.:Condens. Matter 21 395502 (2009);
          URL http://www.quantum-espresso.org", 
     in publications or presentations arising from this work. More details at
     http://www.quantum-espresso.org/quote

     Parallel version (MPI), running on     1 processors
     Reading input from /home/yu/workspace/espresso/espresso-5.2.0/PW/tests/gau-pbe-si444.in

     Current dimensions of program PWSCF are:
     Max number of different atomic species (ntypx) = 10
     Max number of k-points (npk) =  40000
     Max angular momentum in pseudopotentials (lmaxx) =  3

     IMPORTANT: XC functional enforced from input :
     Exchange-correlation      = GAUP ( 1  4 20  4 0 0)
     EXX-fraction              =        0.24
     Any further DFT definition will be discarded
     Please, verify this is what you really want


     Subspace diagonalization in iterative solution of the eigenvalue problem:
     a serial algorithm will be used

     EXX: setup a grid of 256 q-points centered on each k-point
     (k+q)-points:
   0.1250000   0.1250000   0.1250000      1    1
  -0.1250000   0.3750000  -0.1250000      2   11
  -0.3750000   0.6250000  -0.3750000     10   11
   0.3750000  -0.1250000   0.3750000      5   -7
   0.3750000   0.3750000   0.3750000      9    1
   0.1250000   0.6250000   0.1250000      3    9
  -0.1250000   0.8750000  -0.1250000      4   11
   0.6250000   0.1250000   0.6250000      8    5
  -0.3750000  -0.3750000  -0.3750000      9   -1
  -0.6250000  -0.1250000  -0.6250000      8   -5
   0.1250000  -0.8750000   0.1250000      4  -11
  -0.1250000  -0.6250000  -0.1250000      3   -9
  -0.1250000  -0.1250000  -0.1250000      1   -1
  -0.3750000   0.1250000  -0.3750000      5    7
   0.3750000  -0.6250000   0.3750000     10  -11
   0.1250000  -0.3750000   0.1250000      2  -11
  -0.1250000  -0.1250000   0.3750000      2    2
  -0.3750000   0.1250000   0.1250000      2   -8
  -0.6250000   0.3750000  -0.1250000      6   17
   0.1250000  -0.3750000   0.6250000      6   -3
   0.1250000   0.1250000   0.6250000      3    1
  -0.1250000   0.3750000   0.3750000      5   -4
  -0.3750000   0.6250000   0.1250000      6  -12
   0.3750000  -0.1250000   0.8750000      7  -16
  -0.6250000  -0.6250000  -0.1250000      8   -9
   0.1250000   0.6250000   0.6250000      8    1
  -0.1250000   0.8750000   0.3750000      7  -21
  -0.3750000  -0.8750000   0.1250000      7   10
  -0.3750000  -0.3750000   0.1250000      5   10
  -0.6250000  -0.1250000  -0.1250000      3   -5
  -0.8750000   0.1250000  -0.3750000      7    7
  -0.1250000  -0.6250000   0.3750000      6   24
  -0.3750000  -0.3750000   0.6250000     10    2
  -0.6250000  -0.1250000   0.3750000      6    6
  -0.8750000   0.1250000   0.1250000      4   -8
   0.8750000   0.3750000  -0.1250000      7  -20
  -0.1250000  -0.1250000   0.8750000      4    2
  -0.3750000   0.1250000   0.6250000      6  -15
  -0.6250000   0.3750000   0.3750000     10   -8
   0.1250000  -0.3750000  -0.8750000      7    4
   0.1250000   0.1250000  -0.8750000      4   -2
  -0.1250000   0.3750000   0.8750000      7   -4
   0.6250000  -0.3750000  -0.3750000     10    8
   0.3750000  -0.1250000  -0.6250000      6   15
   0.3750000   0.3750000  -0.6250000     10   -2
  -0.8750000  -0.3750000   0.1250000      7   20
   0.8750000  -0.1250000  -0.1250000      4    8
   0.6250000   0.1250000  -0.3750000      6   -6
   0.3750000   0.3750000  -0.1250000      5  -10
   0.1250000   0.6250000  -0.3750000      6  -24
   0.8750000  -0.1250000   0.3750000      7   -7
   0.6250000   0.1250000   0.1250000      3    5
   0.6250000   0.6250000   0.1250000      8    9
   0.3750000   0.8750000  -0.1250000      7  -10
   0.1250000  -0.8750000  -0.3750000      7   21
  -0.1250000  -0.6250000  -0.6250000      8   -1
  -0.1250000  -0.1250000  -0.6250000      3   -1
  -0.3750000   0.1250000  -0.8750000      7   16
   0.3750000  -0.6250000  -0.1250000      6   12
   0.1250000  -0.3750000  -0.3750000      5    4
   0.1250000   0.1250000  -0.3750000      2   -2
  -0.1250000   0.3750000  -0.6250000      6    3
   0.6250000  -0.3750000   0.1250000      6  -17
   0.3750000  -0.1250000  -0.1250000      2    8
   0.1250000   0.1250000   0.3750000      2    1
  -0.1250000   0.3750000   0.1250000      2  -12
  -0.3750000   0.6250000  -0.1250000      6   11
   0.3750000  -0.1250000   0.6250000      6  -16
   0.3750000   0.3750000   0.6250000     10    1
   0.1250000   0.6250000   0.3750000      6   22
  -0.1250000   0.8750000   0.1250000      4  -12
  -0.3750000  -0.8750000  -0.1250000      7   -9
  -0.3750000  -0.3750000  -0.1250000      5   -9
  -0.6250000  -0.1250000  -0.3750000      6   -5
   0.1250000  -0.8750000   0.3750000      7  -23
  -0.1250000  -0.6250000   0.1250000      3   10
  -0.1250000  -0.1250000   0.1250000      1    2
  -0.3750000   0.1250000  -0.1250000      2    7
  -0.6250000   0.3750000  -0.3750000     10    7
   0.1250000  -0.3750000   0.3750000      5   -3
  -0.1250000  -0.1250000   0.6250000      3    2
  -0.3750000   0.1250000   0.3750000      5   -8
  -0.6250000   0.3750000   0.1250000      6  -19
   0.1250000  -0.3750000   0.8750000      7   -3
   0.1250000   0.1250000   0.8750000      4    1
  -0.1250000   0.3750000   0.6250000      6   -4
  -0.3750000   0.6250000   0.3750000     10  -12
   0.3750000  -0.1250000  -0.8750000      7   15
  -0.6250000  -0.6250000   0.1250000      8   10
  -0.8750000  -0.3750000  -0.1250000      7  -18
   0.8750000  -0.1250000  -0.3750000      7    8
   0.6250000   0.1250000  -0.6250000      8   -6
  -0.3750000  -0.3750000   0.3750000      9    2
  -0.6250000  -0.1250000   0.1250000      3    6
  -0.8750000   0.1250000  -0.1250000      4    7
  -0.1250000  -0.6250000   0.6250000      8    2
   0.6250000   0.6250000  -0.1250000      8  -10
  -0.6250000  -0.1250000   0.6250000      8    6
  -0.8750000   0.1250000   0.3750000      7   -8
   0.8750000   0.3750000   0.1250000      7   18
  -0.1250000  -0.1250000  -0.8750000      4   -1
  -0.3750000   0.1250000   0.8750000      7  -15
   0.3750000  -0.6250000  -0.3750000     10   12
   0.1250000  -0.3750000  -0.6250000      6    4
   0.1250000   0.1250000  -0.6250000      3   -2
  -0.1250000   0.3750000  -0.8750000      7    3
   0.6250000  -0.3750000  -0.1250000      6   19
   0.3750000  -0.1250000  -0.3750000      5    8
   0.3750000   0.3750000  -0.3750000      9   -2
   0.1250000   0.6250000  -0.6250000      8   -2
   0.8750000  -0.1250000   0.1250000      4   -7
   0.6250000   0.1250000  -0.1250000      3   -6
   0.3750000   0.3750000   0.1250000      5    9
   0.1250000   0.6250000  -0.1250000      3  -10
  -0.1250000   0.8750000  -0.3750000      7   23
   0.6250000   0.1250000   0.3750000      6    5
  -0.3750000  -0.3750000  -0.6250000     10   -1
   0.3750000   0.8750000   0.1250000      7    9
   0.1250000  -0.8750000  -0.1250000      4   12
  -0.1250000  -0.6250000  -0.3750000      6  -22
  -0.1250000  -0.1250000  -0.3750000      2   -1
  -0.3750000   0.1250000  -0.6250000      6   16
   0.3750000  -0.6250000   0.1250000      6  -11
   0.1250000  -0.3750000  -0.1250000      2   12
   0.1250000   0.1250000  -0.1250000      1   -2
  -0.1250000   0.3750000  -0.3750000      5    3
   0.6250000  -0.3750000   0.3750000     10   -7
   0.3750000  -0.1250000   0.1250000      2   -7
   0.1250000   0.3750000   0.3750000      5    1
  -0.1250000   0.6250000   0.1250000      3  -12
  -0.3750000   0.8750000  -0.1250000      7   11
   0.3750000   0.1250000   0.6250000      6   14
  -0.6250000  -0.3750000  -0.3750000     10   -5
   0.1250000   0.8750000   0.3750000      7   22
  -0.1250000  -0.8750000   0.1250000      4   10
  -0.3750000  -0.6250000  -0.1250000      6   -9
  -0.3750000  -0.1250000  -0.1250000      2   -5
  -0.6250000   0.1250000  -0.3750000      6    7
   0.1250000  -0.6250000   0.3750000      6  -23
  -0.1250000  -0.3750000   0.1250000      2   10
  -0.1250000   0.1250000   0.1250000      1   -4
  -0.3750000   0.3750000  -0.1250000      5   11
   0.3750000  -0.3750000   0.6250000     10   -3
   0.1250000  -0.1250000   0.3750000      2   -3
  -0.1250000   0.1250000   0.6250000      3   -4
  -0.3750000   0.3750000   0.3750000      9   -4
  -0.6250000   0.6250000   0.1250000      8  -12
   0.1250000  -0.1250000   0.8750000      4   -3
   0.1250000   0.3750000   0.8750000      7    1
  -0.1250000   0.6250000   0.6250000      8   -4
   0.6250000  -0.1250000  -0.6250000      8    8
   0.3750000   0.1250000  -0.8750000      7  -13
  -0.6250000  -0.3750000   0.1250000      6   20
  -0.8750000  -0.1250000  -0.1250000      4   -5
   0.8750000   0.1250000  -0.3750000      7   -6
  -0.3750000  -0.6250000   0.3750000     10   10
  -0.3750000  -0.1250000   0.3750000      5    6
  -0.6250000   0.1250000   0.1250000      3   -8
  -0.8750000   0.3750000  -0.1250000      7   17
  -0.1250000  -0.3750000   0.6250000      6    2
  -0.3750000  -0.1250000   0.8750000      7   13
  -0.6250000   0.1250000   0.6250000      8   -8
   0.1250000  -0.6250000  -0.6250000      8    4
  -0.1250000  -0.3750000  -0.8750000      7   -1
  -0.1250000   0.1250000  -0.8750000      4    3
   0.6250000  -0.6250000  -0.1250000      8   12
   0.3750000  -0.3750000  -0.3750000      9    4
   0.1250000  -0.1250000  -0.6250000      3    4
   0.1250000   0.3750000  -0.6250000      6   -2
   0.8750000  -0.3750000   0.1250000      7  -17
   0.6250000  -0.1250000  -0.1250000      3    8
   0.3750000   0.1250000  -0.3750000      5   -6
   0.3750000   0.6250000  -0.3750000     10  -10
  -0.8750000  -0.1250000   0.3750000      7    6
   0.8750000   0.1250000   0.1250000      4    5
   0.6250000   0.3750000  -0.1250000      6  -20
   0.3750000   0.6250000   0.1250000      6    9
   0.1250000   0.8750000  -0.1250000      4  -10
  -0.1250000  -0.8750000  -0.3750000      7  -22
   0.6250000   0.3750000   0.3750000     10    5
  -0.3750000  -0.1250000  -0.6250000      6  -14
   0.3750000  -0.8750000   0.1250000      7  -11
   0.1250000  -0.6250000  -0.1250000      3   12
  -0.1250000  -0.3750000  -0.3750000      5   -1
  -0.1250000   0.1250000  -0.3750000      2    3
  -0.3750000   0.3750000  -0.6250000     10    3
   0.3750000  -0.3750000   0.1250000      5  -11
   0.1250000  -0.1250000  -0.1250000      1    4
   0.1250000   0.3750000  -0.1250000      2  -10
  -0.1250000   0.6250000  -0.3750000      6   23
   0.6250000  -0.1250000   0.3750000      6   -7
   0.3750000   0.1250000   0.1250000      2    5
   0.1250000   0.3750000   0.6250000      6    1
  -0.1250000   0.6250000   0.3750000      6  -21
  -0.3750000   0.8750000   0.1250000      7  -12
   0.3750000   0.1250000   0.8750000      7   14
  -0.6250000  -0.3750000  -0.1250000      6  -18
  -0.8750000  -0.1250000  -0.3750000      7   -5
  -0.1250000  -0.8750000   0.3750000      7   24
  -0.3750000  -0.6250000   0.1250000      6   10
  -0.3750000  -0.1250000   0.1250000      2    6
  -0.6250000   0.1250000  -0.1250000      3    7
   0.1250000  -0.6250000   0.6250000      8   -3
  -0.1250000  -0.3750000   0.3750000      5    2
  -0.1250000   0.1250000   0.3750000      2   -4
  -0.3750000   0.3750000   0.1250000      5  -12
  -0.6250000   0.6250000  -0.1250000      8   11
   0.1250000  -0.1250000   0.6250000      3   -3
  -0.1250000   0.1250000   0.8750000      4   -4
  -0.3750000   0.3750000   0.6250000     10   -4
   0.3750000  -0.3750000  -0.6250000     10    4
   0.1250000  -0.1250000  -0.8750000      4    4
   0.1250000   0.3750000  -0.8750000      7   -2
   0.8750000  -0.3750000  -0.1250000      7   19
   0.6250000  -0.1250000  -0.3750000      6    8
   0.3750000   0.1250000  -0.6250000      6  -13
  -0.6250000  -0.3750000   0.3750000     10    6
  -0.8750000  -0.1250000   0.1250000      4    6
   0.8750000   0.1250000  -0.1250000      4   -6
   0.6250000   0.3750000  -0.3750000     10   -6
  -0.3750000  -0.1250000   0.6250000      6   13
  -0.6250000   0.1250000   0.3750000      6   -8
  -0.8750000   0.3750000   0.1250000      7  -19
  -0.1250000  -0.3750000   0.8750000      7    2
  -0.3750000  -0.1250000  -0.8750000      7  -14
   0.3750000  -0.8750000  -0.1250000      7   12
   0.1250000  -0.6250000  -0.3750000      6   21
  -0.1250000  -0.3750000  -0.6250000      6   -1
  -0.1250000   0.1250000  -0.6250000      3    3
   0.6250000  -0.6250000   0.1250000      8  -11
   0.3750000  -0.3750000  -0.1250000      5   12
   0.1250000  -0.1250000  -0.3750000      2    4
   0.1250000   0.3750000  -0.3750000      5   -2
  -0.1250000   0.6250000  -0.6250000      8    3
   0.6250000  -0.1250000   0.1250000      3   -7
   0.3750000   0.1250000  -0.1250000      2   -6
   0.3750000   0.6250000  -0.1250000      6  -10
   0.1250000   0.8750000  -0.3750000      7  -24
   0.8750000   0.1250000   0.3750000      7    5
   0.6250000   0.3750000   0.1250000      6   18
   0.3750000   0.6250000   0.3750000     10    9
   0.1250000   0.8750000   0.1250000      4    9
  -0.1250000  -0.8750000  -0.1250000      4   -9
  -0.3750000  -0.6250000  -0.3750000     10   -9
  -0.3750000  -0.1250000  -0.3750000      5   -5
  -0.6250000   0.1250000  -0.6250000      8    7
   0.1250000  -0.6250000   0.1250000      3  -11
  -0.1250000  -0.3750000  -0.1250000      2   -9
  -0.1250000   0.1250000  -0.1250000      1    3
  -0.3750000   0.3750000  -0.3750000      9    3
   0.3750000  -0.3750000   0.3750000      9   -3
   0.1250000  -0.1250000   0.1250000      1   -3
   0.1250000   0.3750000   0.1250000      2    9
  -0.1250000   0.6250000  -0.1250000      3   11
   0.6250000  -0.1250000   0.6250000      8   -7
   0.3750000   0.1250000   0.3750000      5    5
 
     G-vector sticks info
     --------------------
     sticks:   dense  smooth     PW     G-vecs:    dense   smooth      PW
     Sum         163     163     61                 1459     1459     307
 


     bravais-lattice index     =            2
     lattice parameter (alat)  =      10.2000  a.u.
     unit-cell volume          =     265.3020 (a.u.)^3
     number of atoms/cell      =            2
     number of atomic types    =            1
     number of electrons       =         8.00
     number of Kohn-Sham states=            8
     kinetic-energy cutoff     =      12.0000  Ry
     charge density cutoff     =      48.0000  Ry
     cutoff for Fock operator  =      48.0000  Ry
     convergence threshold     =      1.0E-06
     mixing beta               =       0.7000
     number of iterations used =            8  plain     mixing
     Exchange-correlation      = GAUP ( 1  4 20  4 0 0)
     EXX-fraction              =        0.24

     celldm(1)=  10.200000  celldm(2)=   0.000000  celldm(3)=   0.000000
     celldm(4)=   0.000000  celldm(5)=   0.000000  celldm(6)=   0.000000

     crystal axes: (cart. coord. in units of alat)
               a(1) = (  -0.500000   0.000000   0.500000 )  
               a(2) = (   0.000000   0.500000   0.500000 )  
               a(3) = (  -0.500000   0.500000   0.000000 )  

     reciprocal axes: (cart. coord. in units 2 pi/alat)
               b(1) = ( -1.000000 -1.000000  1.000000 )  
               b(2) = (  1.000000  1.000000  1.000000 )  
               b(3) = ( -1.000000  1.000000 -1.000000 )  


     PseudoPot. # 1 for Si read from file:
     /home/yu/workspace/espresso/espresso-5.2.0/pseudo/Si.pz-vbc.UPF
     MD5 check sum: 6dfa03ddd5817404712e03e4d12deb78
     Pseudo is Norm-conserving, Zval =  4.0
     Generated by new atomic code, or converted to UPF format
     Using radial grid of  431 points,  2 beta functions with: 
                l(1) =   0
                l(2) =   1

     atomic species   valence    mass     pseudopotential
        Si             4.00    28.08600     Si( 1.00)

     24 Sym. Ops. (no inversion) found
          (note: 24 additional sym.ops. were found but ignored
           their fractional translations are incommensurate with FFT grid)


   Cartesian axes

     site n.     atom                  positions (alat units)
         1           Si  tau(   1) = (   0.0000000   0.0000000   0.0000000  )
         2           Si  tau(   2) = (   0.2500000   0.2500000   0.2500000  )

     number of k points=    10
                       cart. coord. in units 2pi/alat
        k(    1) = (   0.1250000   0.1250000   0.1250000), wk =   0.0625000
        k(    2) = (   0.1250000   0.1250000   0.3750000), wk =   0.1875000
        k(    3) = (   0.1250000   0.1250000   0.6250000), wk =   0.1875000
        k(    4) = (   0.1250000   0.1250000   0.8750000), wk =   0.1875000
        k(    5) = (   0.1250000   0.3750000   0.3750000), wk =   0.1875000
        k(    6) = (   0.1250000   0.3750000   0.6250000), wk =   0.3750000
        k(    7) = (   0.1250000   0.3750000   0.8750000), wk =   0.3750000
        k(    8) = (   0.1250000   0.6250000   0.6250000), wk =   0.1875000
        k(    9) = (   0.3750000   0.3750000   0.3750000), wk =   0.0625000
        k(   10) = (   0.3750000   0.3750000   0.6250000), wk =   0.1875000

     Dense  grid:     1459 G-vectors     FFT dimensions: (  15,  15,  15)

     Largest allocated arrays     est. size (Mb)     dimensions
        Kohn-Sham Wavefunctions         0.02 Mb     (     192,    8)
        NL pseudopotentials             0.02 Mb     (     192,    8)
        Each V/rho on FFT grid          0.05 Mb     (    3375)
        Each G-vector array             0.01 Mb     (    1459)
        G-vector shells                 0.00 Mb     (      43)
     Largest temporary arrays     est. size (Mb)     dimensions
        Auxiliary wavefunctions         0.09 Mb     (     192,   32)
        Each subspace H/S matrix        0.02 Mb     (      32,   32)
        Each <psi_i|beta_j> matrix      0.00 Mb     (       8,    8)
        Arrays for rho mixing           0.41 Mb     (    3375,    8)

     Initial potential from superposition of free atoms

     starting charge    7.99901, renormalised to    8.00000
     Starting wfc are    8 randomized atomic wfcs

     total cpu time spent up to now is        0.0 secs

     per-process dynamical memory:    19.1 Mb

     Self-consistent Calculation

     iteration #  1     ecut=    12.00 Ry     beta=0.70
     Davidson diagonalization with overlap
     ethr =  1.00E-02,  avg # of iterations =  3.8

     Threshold (ethr) on eigenvalues was too large:
     Diagonalizing with lowered threshold

     Davidson diagonalization with overlap
     ethr =  8.07E-04,  avg # of iterations =  1.0

     total cpu time spent up to now is        0.1 secs

     iteration #  2     ecut=    12.00 Ry     beta=0.70
     Davidson diagonalization with overlap
     ethr =  8.02E-04,  avg # of iterations =  1.0

     total cpu time spent up to now is        0.1 secs

     iteration #  3     ecut=    12.00 Ry     beta=0.70
     Davidson diagonalization with overlap
     ethr =  2.85E-05,  avg # of iterations =  1.9

     total cpu time spent up to now is        0.1 secs

     iteration #  4     ecut=    12.00 Ry     beta=0.70
     Davidson diagonalization with overlap
     ethr =  6.21E-07,  avg # of iterations =  2.5

     total cpu time spent up to now is        0.2 secs

     End of self-consistent calculation

          k = 0.1250 0.1250 0.1250 (   172 PWs)   bands (ev):

    -5.4476   4.7282   5.9961   5.9961   8.9449   9.3568   9.3568  11.1864

          k = 0.1250 0.1250 0.3750 (   180 PWs)   bands (ev):

    -4.9211   3.1160   4.9391   5.0502   8.5385  10.1246  10.8747  11.2285

          k = 0.1250 0.1250 0.6250 (   186 PWs)   bands (ev):

    -3.8637   1.4055   3.5835   4.0275   7.7542   9.3314  12.4143  12.7127

          k = 0.1250 0.1250 0.8750 (   192 PWs)   bands (ev):

    -2.3517  -0.4976   2.7928   3.5449   7.2968   8.3741  14.7162  14.7745

          k = 0.1250 0.3750 0.3750 (   187 PWs)   bands (ev):

    -4.4109   1.6834   3.9583   5.4867   9.1322  10.0722  10.2721  12.7293

          k = 0.1250 0.3750 0.6250 (   188 PWs)   bands (ev):

    -3.4332   0.4714   2.9371   4.3206   9.2854   9.9751  11.4585  12.3758

          k = 0.1250 0.3750 0.8750 (   189 PWs)   bands (ev):

    -2.1680  -0.5990   2.1708   3.2760   8.7959  10.7115  11.7004  13.8811

          k = 0.1250 0.6250 0.6250 (   184 PWs)   bands (ev):

    -2.6946  -0.3359   2.2539   4.3555   8.2625  11.9049  11.9153  13.4108

          k = 0.3750 0.3750 0.3750 (   183 PWs)   bands (ev):

    -3.9476   0.3457   5.1681   5.1681   8.1196   9.8727   9.8727  14.3023

          k = 0.3750 0.3750 0.6250 (   182 PWs)   bands (ev):

    -3.2022  -0.4691   3.9980   4.6816   8.6289   9.9414  10.5367  13.8202

     highest occupied, lowest unoccupied level (ev):     5.9961    7.2968

     convergence has been achieved in   4 iterations
 

     EXX: now go back to refine exchange calculation

     total cpu time spent up to now is        1.1 secs

     per-process dynamical memory:   127.6 Mb

     Self-consistent Calculation

     iteration #  1     ecut=    12.00 Ry     beta=0.70
     Davidson diagonalization with overlap
     ethr =  6.21E-07,  avg # of iterations =  3.5

     total cpu time spent up to now is       12.8 secs

     iteration #  2     ecut=    12.00 Ry     beta=0.70
     Davidson diagonalization with overlap
     ethr =  3.05E-06,  avg # of iterations =  1.0

     total cpu time spent up to now is       18.6 secs

     iteration #  3     ecut=    12.00 Ry     beta=0.70
     Davidson diagonalization with overlap
     ethr =  1.10E-07,  avg # of iterations =  1.5

     total cpu time spent up to now is       24.6 secs

     End of self-consistent calculation

          k = 0.1250 0.1250 0.1250 (   172 PWs)   bands (ev):

    -7.8241   4.1752   5.4873   5.4873   9.2769   9.6494   9.6495  11.7540

          k = 0.1250 0.1250 0.3750 (   180 PWs)   bands (ev):

    -7.1842   2.3192   4.3380   4.5263   8.7701  10.5442  11.2813  11.6676

          k = 0.1250 0.1250 0.6250 (   186 PWs)   bands (ev):

    -5.9042   0.3351   2.8775   3.2989   7.9231   9.6303  13.0123  13.3129

          k = 0.1250 0.1250 0.8750 (   192 PWs)   bands (ev):

    -4.1037  -1.8995   1.9922   2.7464   7.4530   8.5725  15.5000  15.5895

          k = 0.1250 0.3750 0.3750 (   187 PWs)   bands (ev):

    -6.5669   0.6799   3.3197   4.9185   9.4724  10.4376  10.6263  13.3453

          k = 0.1250 0.3750 0.6250 (   188 PWs)   bands (ev):

    -5.4011  -0.7385   2.1595   3.6889   9.5662  10.3144  11.9570  12.9466

          k = 0.1250 0.3750 0.8750 (   189 PWs)   bands (ev):

    -3.8954  -2.0231   1.3038   2.5282   9.0262  11.0919  12.2464  14.5961

          k = 0.1250 0.6250 0.6250 (   184 PWs)   bands (ev):

    -4.5191  -1.6823   1.3939   3.6565   8.5072  12.4029  12.4548  14.0790

          k = 0.3750 0.3750 0.3750 (   183 PWs)   bands (ev):

    -6.0093  -0.8418   4.5503   4.5503   8.4154  10.2214  10.2214  14.9660

          k = 0.3750 0.3750 0.6250 (   182 PWs)   bands (ev):

    -5.1436  -1.7953   3.3510   4.0290   8.9117  10.2906  10.9144  14.5019

     highest occupied, lowest unoccupied level (ev):     5.4873    7.4530

     convergence has been achieved in   3 iterations

     total energy              =     -15.85213835 Ry
     Harris-Foulkes estimate   =     -15.85214958 Ry
     est. exchange err (dexx)  =       0.00024496 Ry
     - averaged Fock potential =       1.75806946 Ry
     + Fock energy             =      -0.88222582 Ry

     EXX: now go back to refine exchange calculation

     total cpu time spent up to now is       26.4 secs

     per-process dynamical memory:   127.7 Mb

     Self-consistent Calculation

     iteration #  1     ecut=    12.00 Ry     beta=0.70
     Davidson diagonalization with overlap
     ethr =  1.10E-07,  avg # of iterations =  3.0

     total cpu time spent up to now is       34.7 secs

     iteration #  2     ecut=    12.00 Ry     beta=0.70
